127.0.0.1 - - [27/Nov/2018:09:36:55 +0530] "GET / HTTP/1.1" 404 1074
0:0:0:0:0:0:0:1 - - [27/Nov/2018:09:36:56 +0530] "GET /JPM_020_Dispatching/process1 HTTP/1.1" 200 434
0:0:0:0:0:0:0:1 - - [27/Nov/2018:09:37:52 +0530] "GET /JPM_020_Dispatching/process1 HTTP/1.1" 200 441
0:0:0:0:0:0:0:1 - - [27/Nov/2018:09:46:52 +0530] "GET /DB_Project/LoginServlet HTTP/1.1" 200 32
0:0:0:0:0:0:0:1 - - [27/Nov/2018:09:47:05 +0530] "GET /JPM_020_Dispatching/process1 HTTP/1.1" 500 3593
0:0:0:0:0:0:0:1 - - [27/Nov/2018:09:47:27 +0530] "GET /JPM_020_Dispatching/process1 HTTP/1.1" 500 3593
0:0:0:0:0:0:0:1 - - [27/Nov/2018:09:48:06 +0530] "GET /JPM_020_Dispatching/process1 HTTP/1.1" 200 37
0:0:0:0:0:0:0:1 - - [27/Nov/2018:09:48:25 +0530] "GET /JPM_020_Dispatching/process1 HTTP/1.1" 200 37
0:0:0:0:0:0:0:1 - - [27/Nov/2018:09:48:45 +0530] "GET /JPM_020_Dispatching/process1 HTTP/1.1" 200 37
0:0:0:0:0:0:0:1 - - [27/Nov/2018:09:49:10 +0530] "GET /JPM_020_Dispatching/jsps/Welcome.jsp HTTP/1.1" 200 450
0:0:0:0:0:0:0:1 - - [27/Nov/2018:09:53:16 +0530] "GET /JPM_020_Dispatching/process1 HTTP/1.1" 500 6249
0:0:0:0:0:0:0:1 - - [27/Nov/2018:09:53:45 +0530] "GET /JPM_020_Dispatching/process1 HTTP/1.1" 500 6262
0:0:0:0:0:0:0:1 - - [27/Nov/2018:09:54:40 +0530] "GET /JPM_020_Dispatching/process1 HTTP/1.1" 200 413
0:0:0:0:0:0:0:1 - - [27/Nov/2018:09:55:34 +0530] "GET /JPM_020_Dispatching/process1 HTTP/1.1" 500 6249
0:0:0:0:0:0:0:1 - - [27/Nov/2018:09:56:07 +0530] "GET /JPM_020_Dispatching/process1 HTTP/1.1" 500 6263
127.0.0.1 - - [27/Nov/2018:09:56:20 +0530] "GET / HTTP/1.1" 404 1074
0:0:0:0:0:0:0:1 - - [27/Nov/2018:09:56:24 +0530] "GET /JPM_020_Dispatching/process1 HTTP/1.1" 500 5568
0:0:0:0:0:0:0:1 - - [27/Nov/2018:09:57:03 +0530] "GET /JPM_020_Dispatching/process1 HTTP/1.1" 500 5568
0:0:0:0:0:0:0:1 - - [27/Nov/2018:09:57:17 +0530] "GET /JPM_020_Dispatching/process1 HTTP/1.1" 200 413
127.0.0.1 - - [27/Nov/2018:09:57:57 +0530] "GET / HTTP/1.1" 404 1074
0:0:0:0:0:0:0:1 - - [27/Nov/2018:09:58:01 +0530] "GET /JPM_020_Dispatching/process1 HTTP/1.1" 500 6055
0:0:0:0:0:0:0:1 - - [27/Nov/2018:09:59:54 +0530] "GET /JPM_020_Dispatching/process1 HTTP/1.1" 200 416
0:0:0:0:0:0:0:1 - - [27/Nov/2018:10:00:43 +0530] "GET /JPM_020_Dispatching/jsps/Welcome.jsp HTTP/1.1" 200 349
0:0:0:0:0:0:0:1 - - [27/Nov/2018:10:00:53 +0530] "GET /JPM_020_Dispatching/jsps/Welcome.jsp HTTP/1.1" 200 416
0:0:0:0:0:0:0:1 - - [27/Nov/2018:10:01:21 +0530] "GET /JPM_020_Dispatching/jsps/Welcome.jsp HTTP/1.1" 500 4618
127.0.0.1 - - [27/Nov/2018:10:31:53 +0530] "GET / HTTP/1.1" 404 1074
127.0.0.1 - - [27/Nov/2018:10:33:26 +0530] "GET / HTTP/1.1" 404 1074
0:0:0:0:0:0:0:1 - - [27/Nov/2018:10:33:27 +0530] "GET /JPM_040_Config/process1 HTTP/1.1" 200 -
0:0:0:0:0:0:0:1 - - [27/Nov/2018:10:33:50 +0530] "GET /JPM_040_Config/process1 HTTP/1.1" 200 -
0:0:0:0:0:0:0:1 - - [27/Nov/2018:10:33:50 +0530] "GET /JPM_040_Config/process1 HTTP/1.1" 200 -
127.0.0.1 - - [27/Nov/2018:10:34:59 +0530] "GET / HTTP/1.1" 404 1074
0:0:0:0:0:0:0:1 - - [27/Nov/2018:10:34:59 +0530] "GET /JPM_040_Config/process1 HTTP/1.1" 200 -
127.0.0.1 - - [27/Nov/2018:10:39:34 +0530] "GET / HTTP/1.1" 404 1074
0:0:0:0:0:0:0:1 - - [27/Nov/2018:10:39:38 +0530] "GET /JPM_040_Config/process1 HTTP/1.1" 200 -
0:0:0:0:0:0:0:1 - - [27/Nov/2018:10:39:55 +0530] "GET /JPM_040_Config/process2 HTTP/1.1" 200 -
127.0.0.1 - - [27/Nov/2018:10:42:59 +0530] "GET / HTTP/1.1" 404 1074
0:0:0:0:0:0:0:1 - - [27/Nov/2018:10:43:04 +0530] "GET /JPM_040_Config/process1 HTTP/1.1" 200 -
0:0:0:0:0:0:0:1 - - [27/Nov/2018:10:43:08 +0530] "GET /JPM_040_Config/process2 HTTP/1.1" 200 -
127.0.0.1 - - [27/Nov/2018:10:47:50 +0530] "GET / HTTP/1.1" 404 1074
0:0:0:0:0:0:0:1 - - [27/Nov/2018:10:47:51 +0530] "GET /JPM_040_Config/process2 HTTP/1.1" 200 -
0:0:0:0:0:0:0:1 - - [27/Nov/2018:10:47:56 +0530] "GET /JPM_040_Config/process1 HTTP/1.1" 200 -
0:0:0:0:0:0:0:1 - - [27/Nov/2018:10:48:16 +0530] "GET /JPM_040_Config/process1 HTTP/1.1" 200 -
0:0:0:0:0:0:0:1 - - [27/Nov/2018:10:48:19 +0530] "GET /JPM_040_Config/process3 HTTP/1.1" 404 1101
127.0.0.1 - - [27/Nov/2018:10:48:32 +0530] "GET / HTTP/1.1" 404 1074
0:0:0:0:0:0:0:1 - - [27/Nov/2018:10:48:33 +0530] "GET /JPM_040_Config/process3 HTTP/1.1" 404 1101
127.0.0.1 - - [27/Nov/2018:10:49:09 +0530] "GET / HTTP/1.1" 404 1074
0:0:0:0:0:0:0:1 - - [27/Nov/2018:10:49:09 +0530] "GET /JPM_040_Config/process2 HTTP/1.1" 200 -
0:0:0:0:0:0:0:1 - - [27/Nov/2018:10:49:14 +0530] "GET /JPM_040_Config/process1 HTTP/1.1" 200 -
0:0:0:0:0:0:0:1 - - [27/Nov/2018:10:49:18 +0530] "GET /JPM_040_Config/process3 HTTP/1.1" 200 -
127.0.0.1 - - [27/Nov/2018:11:08:35 +0530] "GET / HTTP/1.1" 404 1074
0:0:0:0:0:0:0:1 - - [27/Nov/2018:11:08:36 +0530] "GET /JPM_040_Config/process2 HTTP/1.1" 200 -
127.0.0.1 - - [27/Nov/2018:11:14:55 +0530] "GET / HTTP/1.1" 404 1074
0:0:0:0:0:0:0:1 - - [27/Nov/2018:11:14:56 +0530] "GET /JPM_040_Config/process2 HTTP/1.1" 200 -
0:0:0:0:0:0:0:1 - - [27/Nov/2018:11:15:05 +0530] "GET /JPM_040_Config/WEB-INF/jsps/EmpList.jsp HTTP/1.1" 404 1047
0:0:0:0:0:0:0:1 - - [27/Nov/2018:11:15:48 +0530] "GET /JPM_040_Config/WEB-INF/jsps/EmpList.jsp HTTP/1.1" 404 1047
127.0.0.1 - - [27/Nov/2018:11:16:42 +0530] "GET / HTTP/1.1" 404 1074
0:0:0:0:0:0:0:1 - - [27/Nov/2018:11:16:44 +0530] "GET /JPM_040_Config/WEB-INF/jsps/EmpList.jsp HTTP/1.1" 404 1047
0:0:0:0:0:0:0:1 - - [27/Nov/2018:11:17:45 +0530] "GET /JPM_040_Config/WEB-INF/jsps/EmpList.jsp HTTP/1.1" 404 1047
127.0.0.1 - - [27/Nov/2018:11:19:06 +0530] "GET / HTTP/1.1" 404 1074
0:0:0:0:0:0:0:1 - - [27/Nov/2018:11:19:07 +0530] "GET /JPM_040_Config/EmpList.jsp HTTP/1.1" 200 306
127.0.0.1 - - [27/Nov/2018:11:33:17 +0530] "GET / HTTP/1.1" 404 1074
0:0:0:0:0:0:0:1 - - [27/Nov/2018:11:33:18 +0530] "GET /JPM_040_Config/process2 HTTP/1.1" 200 -
127.0.0.1 - - [27/Nov/2018:11:37:49 +0530] "GET / HTTP/1.1" 404 1074
0:0:0:0:0:0:0:1 - - [27/Nov/2018:11:37:49 +0530] "GET /JPM_040_Config/process2 HTTP/1.1" 200 -
127.0.0.1 - - [27/Nov/2018:11:42:08 +0530] "GET / HTTP/1.1" 404 1074
127.0.0.1 - - [27/Nov/2018:11:42:08 +0530] "GET /JPM_040_Config/process1 HTTP/1.1" 200 -
127.0.0.1 - - [27/Nov/2018:11:42:13 +0530] "GET /JPM_040_Config/process4 HTTP/1.1" 200 -
127.0.0.1 - - [27/Nov/2018:11:42:17 +0530] "GET /JPM_040_Config/process3 HTTP/1.1" 200 -
127.0.0.1 - - [27/Nov/2018:11:42:21 +0530] "GET /JPM_040_Config/process2 HTTP/1.1" 200 -
127.0.0.1 - - [27/Nov/2018:11:42:24 +0530] "GET /JPM_040_Config/process1 HTTP/1.1" 200 -
127.0.0.1 - - [27/Nov/2018:11:48:30 +0530] "GET / HTTP/1.1" 404 1074
0:0:0:0:0:0:0:1 - - [27/Nov/2018:11:48:30 +0530] "GET /JPM_040_Config/process2 HTTP/1.1" 200 -
0:0:0:0:0:0:0:1 - - [27/Nov/2018:11:49:31 +0530] "GET /JPM_040_Config/process2 HTTP/1.1" 200 -
127.0.0.1 - - [27/Nov/2018:11:53:54 +0530] "GET / HTTP/1.1" 404 1074
0:0:0:0:0:0:0:1 - - [27/Nov/2018:11:53:55 +0530] "GET /JPM_040_Config/process2 HTTP/1.1" 200 -
127.0.0.1 - - [27/Nov/2018:12:09:10 +0530] "GET / HTTP/1.1" 404 1074
0:0:0:0:0:0:0:1 - - [27/Nov/2018:12:09:10 +0530] "GET /JPM_040_Config/process2 HTTP/1.1" 200 -
0:0:0:0:0:0:0:1 - - [27/Nov/2018:12:10:33 +0530] "GET /JPM_040_Config/process2 HTTP/1.1" 200 -
127.0.0.1 - - [27/Nov/2018:12:13:21 +0530] "GET / HTTP/1.1" 404 1074
0:0:0:0:0:0:0:1 - - [27/Nov/2018:12:13:27 +0530] "GET /JPM_040_Config/process2 HTTP/1.1" 200 -
0:0:0:0:0:0:0:1 - - [27/Nov/2018:12:13:33 +0530] "GET /JPM_040_Config/process2 HTTP/1.1" 200 -
127.0.0.1 - - [27/Nov/2018:12:14:17 +0530] "GET / HTTP/1.1" 404 1074
0:0:0:0:0:0:0:1 - - [27/Nov/2018:12:14:17 +0530] "GET /JPM_040_Config/process2 HTTP/1.1" 200 -
0:0:0:0:0:0:0:1 - - [27/Nov/2018:12:14:28 +0530] "GET /JPM_040_Config/process2 HTTP/1.1" 200 -
127.0.0.1 - - [27/Nov/2018:12:19:39 +0530] "GET / HTTP/1.1" 404 1074
0:0:0:0:0:0:0:1 - - [27/Nov/2018:12:19:39 +0530] "GET /JPM_040_Config/process2 HTTP/1.1" 200 -
127.0.0.1 - - [27/Nov/2018:15:25:29 +0530] "GET / HTTP/1.1" 404 1074
0:0:0:0:0:0:0:1 - - [27/Nov/2018:15:25:37 +0530] "GET /JPM_050_Layer_DAO_Service/*.do HTTP/1.1" 200 -
0:0:0:0:0:0:0:1 - - [27/Nov/2018:15:26:10 +0530] "GET /JPM_050_Layer_DAO_Service/add.do HTTP/1.1" 200 -
0:0:0:0:0:0:0:1 - - [27/Nov/2018:15:26:17 +0530] "GET /JPM_050_Layer_DAO_Service/sub.do HTTP/1.1" 200 -
0:0:0:0:0:0:0:1 - - [27/Nov/2018:15:26:59 +0530] "GET /JPM_050_Layer_DAO_Service/subract.do HTTP/1.1" 200 -
127.0.0.1 - - [27/Nov/2018:15:30:42 +0530] "GET / HTTP/1.1" 404 1074
0:0:0:0:0:0:0:1 - - [27/Nov/2018:15:30:42 +0530] "GET /JPM_050_Layer_DAO_Service/*.do HTTP/1.1" 200 -
0:0:0:0:0:0:0:1 - - [27/Nov/2018:15:30:51 +0530] "GET /JPM_050_Layer_DAO_Service/*add.do HTTP/1.1" 200 -
0:0:0:0:0:0:0:1 - - [27/Nov/2018:15:31:06 +0530] "GET /JPM_050_Layer_DAO_Service/*add.do HTTP/1.1" 200 -
0:0:0:0:0:0:0:1 - - [27/Nov/2018:15:31:18 +0530] "GET /JPM_050_Layer_DAO_Service/*add.do HTTP/1.1" 200 -
127.0.0.1 - - [27/Nov/2018:15:32:09 +0530] "GET / HTTP/1.1" 404 1074
0:0:0:0:0:0:0:1 - - [27/Nov/2018:15:32:09 +0530] "GET /JPM_050_Layer_DAO_Service/*.do HTTP/1.1" 200 -
0:0:0:0:0:0:0:1 - - [27/Nov/2018:15:32:18 +0530] "GET /JPM_050_Layer_DAO_Service/subract.do HTTP/1.1" 200 -
0:0:0:0:0:0:0:1 - - [27/Nov/2018:15:32:36 +0530] "GET /JPM_050_Layer_DAO_Service/abc.do HTTP/1.1" 200 -
0:0:0:0:0:0:0:1 - - [27/Nov/2018:15:54:55 +0530] "GET /JPM_050_Layer_DAO_Service/a.do HTTP/1.1" 200 -
